reading symbolic information ...
about to sleepdone

execution completed (exit code 5)

