reading symbolic information ...
break(x)	stop at x
t	where
j	status
st	stop
s	step
r	run
q	quit
p	print
n	next
l	list
e	edit
h	help
d	delete
c	cont
[1] stop at 12
[1] stopped in p at line 12
   12   }
break(12)
^ unrecognized command

