reading symbolic information ...
about to sleepdone

execution completed

