reading symbolic information ...
.Level1Procedure
Level1Procedure.Level2Procedure
Level1Procedure.Level2Procedure.Level3Procedure
Level1Procedure.Level2Procedure.Level3Procedure.Level4Procedure
Level1Procedure.Level2Procedure.Level3Procedure.Level4Procedure.Level5Procedure

